Archive member included to satisfy reference by file (symbol)

/opt/homebrew/Cellar/gcc-arm-none-eabi/20200630/bin/../lib/gcc/arm-none-eabi/9.3.1/thumb/v6-m/nofp/libgcc.a(_udivsi3.o)
                              CMakeFiles/Mask_SW.elf.dir/Core/Src/system_stm32f0xx.c.obj (__aeabi_uidiv)
/opt/homebrew/Cellar/gcc-arm-none-eabi/20200630/bin/../lib/gcc/arm-none-eabi/9.3.1/thumb/v6-m/nofp/libgcc.a(_dvmd_tls.o)
                              /opt/homebrew/Cellar/gcc-arm-none-eabi/20200630/bin/../lib/gcc/arm-none-eabi/9.3.1/thumb/v6-m/nofp/libgcc.a(_udivsi3.o) (__aeabi_idiv0)
/opt/homebrew/Cellar/gcc-arm-none-eabi/20200630/bin/../lib/gcc/arm-none-eabi/9.3.1/../../../../arm-none-eabi/lib/thumb/v6-m/nofp/libg.a(lib_a-errno.o)
                              CMakeFiles/Mask_SW.elf.dir/Core/Src/syscalls.c.obj (__errno)
/opt/homebrew/Cellar/gcc-arm-none-eabi/20200630/bin/../lib/gcc/arm-none-eabi/9.3.1/../../../../arm-none-eabi/lib/thumb/v6-m/nofp/libg.a(lib_a-exit.o)
                              /opt/homebrew/Cellar/gcc-arm-none-eabi/20200630/bin/../lib/gcc/arm-none-eabi/9.3.1/../../../../arm-none-eabi/lib/thumb/v6-m/nofp/crt0.o (exit)
/opt/homebrew/Cellar/gcc-arm-none-eabi/20200630/bin/../lib/gcc/arm-none-eabi/9.3.1/../../../../arm-none-eabi/lib/thumb/v6-m/nofp/libg.a(lib_a-impure.o)
                              /opt/homebrew/Cellar/gcc-arm-none-eabi/20200630/bin/../lib/gcc/arm-none-eabi/9.3.1/../../../../arm-none-eabi/lib/thumb/v6-m/nofp/libg.a(lib_a-exit.o) (_global_impure_ptr)
/opt/homebrew/Cellar/gcc-arm-none-eabi/20200630/bin/../lib/gcc/arm-none-eabi/9.3.1/../../../../arm-none-eabi/lib/thumb/v6-m/nofp/libg.a(lib_a-init.o)
                              /opt/homebrew/Cellar/gcc-arm-none-eabi/20200630/bin/../lib/gcc/arm-none-eabi/9.3.1/../../../../arm-none-eabi/lib/thumb/v6-m/nofp/crt0.o (__libc_init_array)
/opt/homebrew/Cellar/gcc-arm-none-eabi/20200630/bin/../lib/gcc/arm-none-eabi/9.3.1/../../../../arm-none-eabi/lib/thumb/v6-m/nofp/libg.a(lib_a-memset.o)
                              /opt/homebrew/Cellar/gcc-arm-none-eabi/20200630/bin/../lib/gcc/arm-none-eabi/9.3.1/../../../../arm-none-eabi/lib/thumb/v6-m/nofp/crt0.o (memset)
/opt/homebrew/Cellar/gcc-arm-none-eabi/20200630/bin/../lib/gcc/arm-none-eabi/9.3.1/../../../../arm-none-eabi/lib/thumb/v6-m/nofp/libg.a(lib_a-__call_atexit.o)
                              /opt/homebrew/Cellar/gcc-arm-none-eabi/20200630/bin/../lib/gcc/arm-none-eabi/9.3.1/../../../../arm-none-eabi/lib/thumb/v6-m/nofp/libg.a(lib_a-exit.o) (__call_exitprocs)
/opt/homebrew/Cellar/gcc-arm-none-eabi/20200630/bin/../lib/gcc/arm-none-eabi/9.3.1/../../../../arm-none-eabi/lib/thumb/v6-m/nofp/libg.a(lib_a-atexit.o)
                              /opt/homebrew/Cellar/gcc-arm-none-eabi/20200630/bin/../lib/gcc/arm-none-eabi/9.3.1/../../../../arm-none-eabi/lib/thumb/v6-m/nofp/libg.a(lib_a-__call_atexit.o) (atexit)
/opt/homebrew/Cellar/gcc-arm-none-eabi/20200630/bin/../lib/gcc/arm-none-eabi/9.3.1/../../../../arm-none-eabi/lib/thumb/v6-m/nofp/libg.a(lib_a-fini.o)
                              /opt/homebrew/Cellar/gcc-arm-none-eabi/20200630/bin/../lib/gcc/arm-none-eabi/9.3.1/../../../../arm-none-eabi/lib/thumb/v6-m/nofp/libg.a(lib_a-__call_atexit.o) (__libc_fini_array)
/opt/homebrew/Cellar/gcc-arm-none-eabi/20200630/bin/../lib/gcc/arm-none-eabi/9.3.1/../../../../arm-none-eabi/lib/thumb/v6-m/nofp/libg.a(lib_a-lock.o)
                              /opt/homebrew/Cellar/gcc-arm-none-eabi/20200630/bin/../lib/gcc/arm-none-eabi/9.3.1/../../../../arm-none-eabi/lib/thumb/v6-m/nofp/libg.a(lib_a-__call_atexit.o) (__retarget_lock_acquire_recursive)
/opt/homebrew/Cellar/gcc-arm-none-eabi/20200630/bin/../lib/gcc/arm-none-eabi/9.3.1/../../../../arm-none-eabi/lib/thumb/v6-m/nofp/libg.a(lib_a-__atexit.o)
                              /opt/homebrew/Cellar/gcc-arm-none-eabi/20200630/bin/../lib/gcc/arm-none-eabi/9.3.1/../../../../arm-none-eabi/lib/thumb/v6-m/nofp/libg.a(lib_a-atexit.o) (__register_exitproc)

Allocating common symbols
Common symbol       size              file

__lock___atexit_recursive_mutex
                    0x1               /opt/homebrew/Cellar/gcc-arm-none-eabi/20200630/bin/../lib/gcc/arm-none-eabi/9.3.1/../../../../arm-none-eabi/lib/thumb/v6-m/nofp/libg.a(lib_a-lock.o)
__lock___arc4random_mutex
                    0x1               /opt/homebrew/Cellar/gcc-arm-none-eabi/20200630/bin/../lib/gcc/arm-none-eabi/9.3.1/../../../../arm-none-eabi/lib/thumb/v6-m/nofp/libg.a(lib_a-lock.o)
__lock___env_recursive_mutex
                    0x1               /opt/homebrew/Cellar/gcc-arm-none-eabi/20200630/bin/../lib/gcc/arm-none-eabi/9.3.1/../../../../arm-none-eabi/lib/thumb/v6-m/nofp/libg.a(lib_a-lock.o)
__lock___sinit_recursive_mutex
                    0x1               /opt/homebrew/Cellar/gcc-arm-none-eabi/20200630/bin/../lib/gcc/arm-none-eabi/9.3.1/../../../../arm-none-eabi/lib/thumb/v6-m/nofp/libg.a(lib_a-lock.o)
__lock___malloc_recursive_mutex
[...]
Memory Configuration

Name             Origin             Length             Attributes
RAM              0x0000000020000000 0x0000000000001000 xrw
FLASH            0x0000000008000000 0x0000000000004000 xr
*default*        0x0000000000000000 0xffffffffffffffff

Linker script and memory map

LOAD /opt/homebrew/Cellar/gcc-arm-none-eabi/20200630/bin/../lib/gcc/arm-none-eabi/9.3.1/thumb/v6-m/nofp/crti.o
LOAD /opt/homebrew/Cellar/gcc-arm-none-eabi/20200630/bin/../lib/gcc/arm-none-eabi/9.3.1/thumb/v6-m/nofp/crtbegin.o
LOAD /opt/homebrew/Cellar/gcc-arm-none-eabi/20200630/bin/../lib/gcc/arm-none-eabi/9.3.1/../../../../arm-none-eabi/lib/thumb/v6-m/nofp/crt0.o
LOAD CMakeFiles/Mask_SW.elf.dir/Core/Src/main.c.obj
LOAD CMakeFiles/Mask_SW.elf.dir/Core/Src/stm32f0xx_hal_msp.c.obj
LOAD CMakeFiles/Mask_SW.elf.dir/Core/Src/stm32f0xx_it.c.obj
LOAD CMakeFiles/Mask_SW.elf.dir/Core/Src/syscalls.c.obj
LOAD CMakeFiles/Mask_SW.elf.dir/Core/Src/sysmem.c.obj
LOAD CMakeFiles/Mask_SW.elf.dir/Core/Src/system_stm32f0xx.c.obj
LOAD CMakeFiles/Mask_SW.elf.dir/Core/Startup/startup_stm32f030f4px.s.obj
LOAD CMakeFiles/Mask_SW.elf.dir/Drivers/STM32F0xx_HAL_Driver/Src/stm32f0xx_hal.c.obj
LOAD CMakeFiles/Mask_SW.elf.dir/Drivers/STM32F0xx_HAL_Driver/Src/stm32f0xx_hal_cortex.c.obj
LOAD CMakeFiles/Mask_SW.elf.dir/Drivers/STM32F0xx_HAL_Driver/Src/stm32f0xx_hal_dma.c.obj
LOAD CMakeFiles/Mask_SW.elf.dir/Drivers/STM32F0xx_HAL_Driver/Src/stm32f0xx_hal_exti.c.obj
LOAD CMakeFiles/Mask_SW.elf.dir/Drivers/STM32F0xx_HAL_Driver/Src/stm32f0xx_hal_flash.c.obj
LOAD CMakeFiles/Mask_SW.elf.dir/Drivers/STM32F0xx_HAL_Driver/Src/stm32f0xx_hal_flash_ex.c.obj
LOAD CMakeFiles/Mask_SW.elf.dir/Drivers/STM32F0xx_HAL_Driver/Src/stm32f0xx_hal_gpio.c.obj
LOAD CMakeFiles/Mask_SW.elf.dir/Drivers/STM32F0xx_HAL_Driver/Src/stm32f0xx_hal_i2c.c.obj
LOAD CMakeFiles/Mask_SW.elf.dir/Drivers/STM32F0xx_HAL_Driver/Src/stm32f0xx_hal_i2c_ex.c.obj
LOAD CMakeFiles/Mask_SW.elf.dir/Drivers/STM32F0xx_HAL_Driver/Src/stm32f0xx_hal_pwr.c.obj
LOAD CMakeFiles/Mask_SW.elf.dir/Drivers/STM32F0xx_HAL_Driver/Src/stm32f0xx_hal_pwr_ex.c.obj
LOAD CMakeFiles/Mask_SW.elf.dir/Drivers/STM32F0xx_HAL_Driver/Src/stm32f0xx_hal_rcc.c.obj
LOAD CMakeFiles/Mask_SW.elf.dir/Drivers/STM32F0xx_HAL_Driver/Src/stm32f0xx_hal_rcc_ex.c.obj
LOAD CMakeFiles/Mask_SW.elf.dir/Drivers/STM32F0xx_HAL_Driver/Src/stm32f0xx_hal_tim.c.obj
LOAD CMakeFiles/Mask_SW.elf.dir/Drivers/STM32F0xx_HAL_Driver/Src/stm32f0xx_hal_tim_ex.c.obj
LOAD CMakeFiles/Mask_SW.elf.dir/Drivers/STM32F0xx_HAL_Driver/Src/stm32f0xx_hal_uart.c.obj
LOAD CMakeFiles/Mask_SW.elf.dir/Drivers/STM32F0xx_HAL_Driver/Src/stm32f0xx_hal_uart_ex.c.obj
START GROUP
LOAD /opt/homebrew/Cellar/gcc-arm-none-eabi/20200630/bin/../lib/gcc/arm-none-eabi/9.3.1/thumb/v6-m/nofp/libgcc.a
LOAD /opt/homebrew/Cellar/gcc-arm-none-eabi/20200630/bin/../lib/gcc/arm-none-eabi/9.3.1/../../../../arm-none-eabi/lib/thumb/v6-m/nofp/libg.a
LOAD /opt/homebrew/Cellar/gcc-arm-none-eabi/20200630/bin/../lib/gcc/arm-none-eabi/9.3.1/../../../../arm-none-eabi/lib/thumb/v6-m/nofp/libc.a
END GROUP
LOAD /opt/homebrew/Cellar/gcc-arm-none-eabi/20200630/bin/../lib/gcc/arm-none-eabi/9.3.1/thumb/v6-m/nofp/crtend.o
LOAD /opt/homebrew/Cellar/gcc-arm-none-eabi/20200630/bin/../lib/gcc/arm-none-eabi/9.3.1/thumb/v6-m/nofp/crtn.o
                0x0000000020001000                _estack = (ORIGIN (RAM) + LENGTH (RAM))
                0x0000000000000200                _Min_Heap_Size = 0x200
                0x0000000000000400                _Min_Stack_Size = 0x400

.isr_vector     0x0000000008000000       0xc0
                0x0000000008000000                . = ALIGN (0x4)
 *(.isr_vector)
 .isr_vector    0x0000000008000000       0xc0 CMakeFiles/Mask_SW.elf.dir/Core/Startup/startup_stm32f030f4px.s.obj
                0x0000000008000000                g_pfnVectors
                0x00000000080000c0                . = ALIGN (0x4)

.text           0x00000000080000c0     0x1a88
                0x00000000080000c0                . = ALIGN (0x4)
 *(.text)
 .text          0x00000000080000c0       0x48 /opt/homebrew/Cellar/gcc-arm-none-eabi/20200630/bin/../lib/gcc/arm-none-eabi/9.3.1/thumb/v6-m/nofp/crtbegin.o
 .text          0x0000000008000108      0x114 /opt/homebrew/Cellar/gcc-arm-none-eabi/20200630/bin/../lib/gcc/arm-none-eabi/9.3.1/thumb/v6-m/nofp/libgcc.a(_udivsi3.o)
                0x0000000008000108                __udivsi3
                0x0000000008000108                __aeabi_uidiv
                0x0000000008000214                __aeabi_uidivmod
 .text          0x000000000800021c        0x4 /opt/homebrew/Cellar/gcc-arm-none-eabi/20200630/bin/../lib/gcc/arm-none-eabi/9.3.1/thumb/v6-m/nofp/libgcc.a(_dvmd_tls.o)
                0x000000000800021c                __aeabi_ldiv0
                0x000000000800021c                __aeabi_idiv0
 *(.text*)
 .text.MX_GPIO_Init
                0x0000000008000220       0xf0 CMakeFiles/Mask_SW.elf.dir/Core/Src/main.c.obj
 .text.pwmDutySet
                0x0000000008000310       0x34 CMakeFiles/Mask_SW.elf.dir/Core/Src/main.c.obj
                0x0000000008000310                pwmDutySet
 .text.ledControl
                0x0000000008000344       0x34 CMakeFiles/Mask_SW.elf.dir/Core/Src/main.c.obj
                0x0000000008000344                ledControl
 .text.ledColor
                0x0000000008000378       0x80 CMakeFiles/Mask_SW.elf.dir/Core/Src/main.c.obj
                0x0000000008000378                ledColor
 .text.gpioInit
                0x00000000080003f8       0x2c CMakeFiles/Mask_SW.elf.dir/Core/Src/main.c.obj
                0x00000000080003f8                gpioInit
 .text.ledInit  0x0000000008000424       0x68 CMakeFiles/Mask_SW.elf.dir/Core/Src/main.c.obj
                0x0000000008000424                ledInit
 .text.pwmInit  0x000000000800048c       0x10 CMakeFiles/Mask_SW.elf.dir/Core/Src/main.c.obj
                0x000000000800048c                pwmInit
 .text.fanControl
                0x000000000800049c       0x84 CMakeFiles/Mask_SW.elf.dir/Core/Src/main.c.obj
                0x000000000800049c                fanControl
 .text.ampControl
                0x0000000008000520       0x60 CMakeFiles/Mask_SW.elf.dir/Core/Src/main.c.obj
                0x0000000008000520                ampControl
 .text.Error_Handler
                0x0000000008000580        0x4 CMakeFiles/Mask_SW.elf.dir/Core/Src/main.c.obj
                0x0000000008000580                Error_Handler
 .text.MX_TIM3_Init
                0x0000000008000584       0xb8 CMakeFiles/Mask_SW.elf.dir/Core/Src/main.c.obj
 .text.SystemClock_Config
                0x000000000800063c       0x84 CMakeFiles/Mask_SW.elf.dir/Core/Src/main.c.obj
                0x000000000800063c                SystemClock_Config
 .text.main     0x00000000080006c0       0x28 CMakeFiles/Mask_SW.elf.dir/Core/Src/main.c.obj
                0x00000000080006c0                main
 .text.HAL_MspInit
                0x00000000080006e8       0x30 CMakeFiles/Mask_SW.elf.dir/Core/Src/stm32f0xx_hal_msp.c.obj
                0x00000000080006e8                HAL_MspInit
 .text.HAL_TIM_Base_MspInit
                0x0000000008000718       0x2c CMakeFiles/Mask_SW.elf.dir/Core/Src/stm32f0xx_hal_msp.c.obj
                0x0000000008000718                HAL_TIM_Base_MspInit
 .text.HAL_TIM_MspPostInit
                0x0000000008000744       0x58 CMakeFiles/Mask_SW.elf.dir/Core/Src/stm32f0xx_hal_msp.c.obj
                0x0000000008000744                HAL_TIM_MspPostInit
 .text.NMI_Handler
                0x000000000800079c        0x2 CMakeFiles/Mask_SW.elf.dir/Core/Src/stm32f0xx_it.c.obj
                0x000000000800079c                NMI_Handler
 .text.HardFault_Handler
                0x000000000800079e        0x2 CMakeFiles/Mask_SW.elf.dir/Core/Src/stm32f0xx_it.c.obj
                0x000000000800079e                HardFault_Handler
 .text.SVC_Handler
                0x00000000080007a0        0x2 CMakeFiles/Mask_SW.elf.dir/Core/Src/stm32f0xx_it.c.obj
                0x00000000080007a0                SVC_Handler
 .text.PendSV_Handler
                0x00000000080007a2        0x2 CMakeFiles/Mask_SW.elf.dir/Core/Src/stm32f0xx_it.c.obj
                0x00000000080007a2                PendSV_Handler
 .text.SysTick_Handler
                0x00000000080007a4        0x8 CMakeFiles/Mask_SW.elf.dir/Core/Src/stm32f0xx_it.c.obj
                0x00000000080007a4                SysTick_Handler
 .text.SystemInit
                0x00000000080007ac        0x2 CMakeFiles/Mask_SW.elf.dir/Core/Src/system_stm32f0xx.c.obj
                0x00000000080007ac                SystemInit
 *fill*         0x00000000080007ae        0x2 
 .text.Reset_Handler
                0x00000000080007b0       0x50 CMakeFiles/Mask_SW.elf.dir/Core/Startup/startup_stm32f030f4px.s.obj
                0x00000000080007b0                Reset_Handler
 .text.Default_Handler
                0x0000000008000800        0x2 CMakeFiles/Mask_SW.elf.dir/Core/Startup/startup_stm32f030f4px.s.obj
                0x0000000008000800                TIM1_BRK_UP_TRG_COM_IRQHandler
                0x0000000008000800                I2C1_IRQHandler
                0x0000000008000800                SPI1_IRQHandler
                0x0000000008000800                EXTI2_3_IRQHandler
                0x0000000008000800                ADC1_IRQHandler
                0x0000000008000800                TIM17_IRQHandler
                0x0000000008000800                RTC_IRQHandler
                0x0000000008000800                TIM16_IRQHandler
                0x0000000008000800                TIM3_IRQHandler
                0x0000000008000800                EXTI4_15_IRQHandler
                0x0000000008000800                RCC_IRQHandler
                0x0000000008000800                DMA1_Channel1_IRQHandler
                0x0000000008000800                Default_Handler
                0x0000000008000800                TIM14_IRQHandler
                0x0000000008000800                DMA1_Channel4_5_IRQHandler
                0x0000000008000800                EXTI0_1_IRQHandler
                0x0000000008000800                WWDG_IRQHandler
                0x0000000008000800                DMA1_Channel2_3_IRQHandler
                0x0000000008000800                FLASH_IRQHandler
                0x0000000008000800                USART1_IRQHandler
                0x0000000008000800                TIM1_CC_IRQHandler
 *fill*         0x0000000008000802        0x2 
 .text.HAL_InitTick
                0x0000000008000804       0x50 CMakeFiles/Mask_SW.elf.dir/Drivers/STM32F0xx_HAL_Driver/Src/stm32f0xx_hal.c.obj
                0x0000000008000804                HAL_InitTick
 .text.HAL_Init
                0x0000000008000854       0x20 CMakeFiles/Mask_SW.elf.dir/Drivers/STM32F0xx_HAL_Driver/Src/stm32f0xx_hal.c.obj
                0x0000000008000854                HAL_Init
 .text.HAL_IncTick
                0x0000000008000874       0x18 CMakeFiles/Mask_SW.elf.dir/Drivers/STM32F0xx_HAL_Driver/Src/stm32f0xx_hal.c.obj
                0x0000000008000874                HAL_IncTick
 .text.HAL_GetTick
                0x000000000800088c        0xc CMakeFiles/Mask_SW.elf.dir/Drivers/STM32F0xx_HAL_Driver/Src/stm32f0xx_hal.c.obj
                0x000000000800088c                HAL_GetTick
 .text.HAL_Delay
                0x0000000008000898       0x24 CMakeFiles/Mask_SW.elf.dir/Drivers/STM32F0xx_HAL_Driver/Src/stm32f0xx_hal.c.obj
                0x0000000008000898                HAL_Delay
 .text.HAL_NVIC_SetPriority
                0x00000000080008bc       0x60 CMakeFiles/Mask_SW.elf.dir/Drivers/STM32F0xx_HAL_Driver/Src/stm32f0xx_hal_cortex.c.obj
                0x00000000080008bc                HAL_NVIC_SetPriority
 .text.HAL_SYSTICK_Config
                0x000000000800091c       0x38 CMakeFiles/Mask_SW.elf.dir/Drivers/STM32F0xx_HAL_Driver/Src/stm32f0xx_hal_cortex.c.obj
                0x000000000800091c                HAL_SYSTICK_Config
 .text.HAL_GPIO_Init
                0x0000000008000954      0x18c CMakeFiles/Mask_SW.elf.dir/Drivers/STM32F0xx_HAL_Driver/Src/stm32f0xx_hal_gpio.c.obj
                0x0000000008000954                HAL_GPIO_Init
 .text.HAL_GPIO_ReadPin
                0x0000000008000ae0        0xe CMakeFiles/Mask_SW.elf.dir/Drivers/STM32F0xx_HAL_Driver/Src/stm32f0xx_hal_gpio.c.obj
                0x0000000008000ae0                HAL_GPIO_ReadPin
 .text.HAL_GPIO_WritePin
                0x0000000008000aee        0xc CMakeFiles/Mask_SW.elf.dir/Drivers/STM32F0xx_HAL_Driver/Src/stm32f0xx_hal_gpio.c.obj
                0x0000000008000aee                HAL_GPIO_WritePin
 *fill*         0x0000000008000afa        0x2 
 .text.HAL_RCC_OscConfig
                0x0000000008000afc      0x49c CMakeFiles/Mask_SW.elf.dir/Drivers/STM32F0xx_HAL_Driver/Src/stm32f0xx_hal_rcc.c.obj
                0x0000000008000afc                HAL_RCC_OscConfig
 .text.HAL_RCC_GetSysClockFreq
                0x0000000008000f98       0x70 CMakeFiles/Mask_SW.elf.dir/Drivers/STM32F0xx_HAL_Driver/Src/stm32f0xx_hal_rcc.c.obj
                0x0000000008000f98                HAL_RCC_GetSysClockFreq
 .text.HAL_RCC_ClockConfig
                0x0000000008001008      0x134 CMakeFiles/Mask_SW.elf.dir/Drivers/STM32F0xx_HAL_Driver/Src/stm32f0xx_hal_rcc.c.obj
                0x0000000008001008                HAL_RCC_ClockConfig
 .text.HAL_RCCEx_PeriphCLKConfig
                0x000000000800113c      0x11c CMakeFiles/Mask_SW.elf.dir/Drivers/STM32F0xx_HAL_Driver/Src/stm32f0xx_hal_rcc_ex.c.obj
                0x000000000800113c                HAL_RCCEx_PeriphCLKConfig
 .text.TIM_OC1_SetConfig
                0x0000000008001258       0x78 CMakeFiles/Mask_SW.elf.dir/Drivers/STM32F0xx_HAL_Driver/Src/stm32f0xx_hal_tim.c.obj
 .text.TIM_OC3_SetConfig
                0x00000000080012d0       0x88 CMakeFiles/Mask_SW.elf.dir/Drivers/STM32F0xx_HAL_Driver/Src/stm32f0xx_hal_tim.c.obj
 .text.TIM_OC4_SetConfig
                0x0000000008001358       0x68 CMakeFiles/Mask_SW.elf.dir/Drivers/STM32F0xx_HAL_Driver/Src/stm32f0xx_hal_tim.c.obj
 .text.TIM_TI1_ConfigInputStage
                0x00000000080013c0       0x22 CMakeFiles/Mask_SW.elf.dir/Drivers/STM32F0xx_HAL_Driver/Src/stm32f0xx_hal_tim.c.obj
 *fill*         0x00000000080013e2        0x2 
 .text.TIM_TI2_ConfigInputStage
                0x00000000080013e4       0x28 CMakeFiles/Mask_SW.elf.dir/Drivers/STM32F0xx_HAL_Driver/Src/stm32f0xx_hal_tim.c.obj
 .text.TIM_ITRx_SetConfig
                0x000000000800140c       0x10 CMakeFiles/Mask_SW.elf.dir/Drivers/STM32F0xx_HAL_Driver/Src/stm32f0xx_hal_tim.c.obj
 .text.HAL_TIM_PWM_MspInit
                0x000000000800141c        0x2 CMakeFiles/Mask_SW.elf.dir/Drivers/STM32F0xx_HAL_Driver/Src/stm32f0xx_hal_tim.c.obj
                0x000000000800141c                HAL_TIM_PWM_MspInit
 *fill*         0x000000000800141e        0x2 
 .text.TIM_Base_SetConfig
                0x0000000008001420       0x84 CMakeFiles/Mask_SW.elf.dir/Drivers/STM32F0xx_HAL_Driver/Src/stm32f0xx_hal_tim.c.obj
                0x0000000008001420                TIM_Base_SetConfig
 .text.HAL_TIM_Base_Init
                0x00000000080014a4       0x58 CMakeFiles/Mask_SW.elf.dir/Drivers/STM32F0xx_HAL_Driver/Src/stm32f0xx_hal_tim.c.obj
                0x00000000080014a4                HAL_TIM_Base_Init
 .text.HAL_TIM_PWM_Init
                0x00000000080014fc       0x58 CMakeFiles/Mask_SW.elf.dir/Drivers/STM32F0xx_HAL_Driver/Src/stm32f0xx_hal_tim.c.obj
                0x00000000080014fc                HAL_TIM_PWM_Init
 .text.TIM_OC2_SetConfig
                0x0000000008001554       0x80 CMakeFiles/Mask_SW.elf.dir/Drivers/STM32F0xx_HAL_Driver/Src/stm32f0xx_hal_tim.c.obj
                0x0000000008001554                TIM_OC2_SetConfig
 .text.HAL_TIM_PWM_ConfigChannel
                0x00000000080015d4       0xf0 CMakeFiles/Mask_SW.elf.dir/Drivers/STM32F0xx_HAL_Driver/Src/stm32f0xx_hal_tim.c.obj
                0x00000000080015d4                HAL_TIM_PWM_ConfigChannel
 .text.TIM_ETR_SetConfig
                0x00000000080016c4       0x18 CMakeFiles/Mask_SW.elf.dir/Drivers/STM32F0xx_HAL_Driver/Src/stm32f0xx_hal_tim.c.obj
                0x00000000080016c4                TIM_ETR_SetConfig
 .text.HAL_TIM_ConfigClockSource
                0x00000000080016dc      0x108 CMakeFiles/Mask_SW.elf.dir/Drivers/STM32F0xx_HAL_Driver/Src/stm32f0xx_hal_tim.c.obj
                0x00000000080016dc                HAL_TIM_ConfigClockSource
 .text.TIM_CCxChannelCmd
                0x00000000080017e4       0x1a CMakeFiles/Mask_SW.elf.dir/Drivers/STM32F0xx_HAL_Driver/Src/stm32f0xx_hal_tim.c.obj
                0x00000000080017e4                TIM_CCxChannelCmd
 *fill*         0x00000000080017fe        0x2 
 .text.HAL_TIM_PWM_Start
                0x0000000008001800       0xe4 CMakeFiles/Mask_SW.elf.dir/Drivers/STM32F0xx_HAL_Driver/Src/stm32f0xx_hal_tim.c.obj
                0x0000000008001800                HAL_TIM_PWM_Start
 .text.HAL_TIMEx_MasterConfigSynchronization
                0x00000000080018e4       0x5c CMakeFiles/Mask_SW.elf.dir/Drivers/STM32F0xx_HAL_Driver/Src/stm32f0xx_hal_tim_ex.c.obj
                0x00000000080018e4                HAL_TIMEx_MasterConfigSynchronization
 .text.__libc_init_array
                0x0000000008001940       0x44 /opt/homebrew/Cellar/gcc-arm-none-eabi/20200630/bin/../lib/gcc/arm-none-eabi/9.3.1/../../../../arm-none-eabi/lib/thumb/v6-m/nofp/libg.a(lib_a-init.o)
                0x0000000008001940                __libc_init_array
 .text.memset   0x0000000008001984       0xa8 /opt/homebrew/Cellar/gcc-arm-none-eabi/20200630/bin/../lib/gcc/arm-none-eabi/9.3.1/../../../../arm-none-eabi/lib/thumb/v6-m/nofp/libg.a(lib_a-memset.o)
                0x0000000008001984                memset
 .text.startup.register_fini
                0x0000000008001a2c       0x18 /opt/homebrew/Cellar/gcc-arm-none-eabi/20200630/bin/../lib/gcc/arm-none-eabi/9.3.1/../../../../arm-none-eabi/lib/thumb/v6-m/nofp/libg.a(lib_a-__call_atexit.o)
 .text.atexit   0x0000000008001a44       0x10 /opt/homebrew/Cellar/gcc-arm-none-eabi/20200630/bin/../lib/gcc/arm-none-eabi/9.3.1/../../../../arm-none-eabi/lib/thumb/v6-m/nofp/libg.a(lib_a-atexit.o)
                0x0000000008001a44                atexit
 .text.__libc_fini_array
                0x0000000008001a54       0x28 /opt/homebrew/Cellar/gcc-arm-none-eabi/20200630/bin/../lib/gcc/arm-none-eabi/9.3.1/../../../../arm-none-eabi/lib/thumb/v6-m/nofp/libg.a(lib_a-fini.o)
                0x0000000008001a54                __libc_fini_array
 .text.__retarget_lock_acquire_recursive
                0x0000000008001a7c        0x4 /opt/homebrew/Cellar/gcc-arm-none-eabi/20200630/bin/../lib/gcc/arm-none-eabi/9.3.1/../../../../arm-none-eabi/lib/thumb/v6-m/nofp/libg.a(lib_a-lock.o)
                0x0000000008001a7c                __retarget_lock_acquire_recursive
 .text.__retarget_lock_release_recursive
                0x0000000008001a80        0x4 /opt/homebrew/Cellar/gcc-arm-none-eabi/20200630/bin/../lib/gcc/arm-none-eabi/9.3.1/../../../../arm-none-eabi/lib/thumb/v6-m/nofp/libg.a(lib_a-lock.o)
                0x0000000008001a80                __retarget_lock_release_recursive
 .text.__register_exitproc
                0x0000000008001a84       0xac /opt/homebrew/Cellar/gcc-arm-none-eabi/20200630/bin/../lib/gcc/arm-none-eabi/9.3.1/../../../../arm-none-eabi/lib/thumb/v6-m/nofp/libg.a(lib_a-__atexit.o)
                0x0000000008001a84                __register_exitproc
 *(.glue_7)
 .glue_7        0x0000000008001b30        0x0 linker stubs
 *(.glue_7t)
 .glue_7t       0x0000000008001b30        0x0 linker stubs
 *(.eh_frame)
 .eh_frame      0x0000000008001b30        0x0 /opt/homebrew/Cellar/gcc-arm-none-eabi/20200630/bin/../lib/gcc/arm-none-eabi/9.3.1/thumb/v6-m/nofp/crtbegin.o
 *(.init)
 .init          0x0000000008001b30        0x4 /opt/homebrew/Cellar/gcc-arm-none-eabi/20200630/bin/../lib/gcc/arm-none-eabi/9.3.1/thumb/v6-m/nofp/crti.o
                0x0000000008001b30                _init
 .init          0x0000000008001b34        0x8 /opt/homebrew/Cellar/gcc-arm-none-eabi/20200630/bin/../lib/gcc/arm-none-eabi/9.3.1/thumb/v6-m/nofp/crtn.o
 *(.fini)
 .fini          0x0000000008001b3c        0x4 /opt/homebrew/Cellar/gcc-arm-none-eabi/20200630/bin/../lib/gcc/arm-none-eabi/9.3.1/thumb/v6-m/nofp/crti.o
                0x0000000008001b3c                _fini
 .fini          0x0000000008001b40        0x8 /opt/homebrew/Cellar/gcc-arm-none-eabi/20200630/bin/../lib/gcc/arm-none-eabi/9.3.1/thumb/v6-m/nofp/crtn.o
                0x0000000008001b48                . = ALIGN (0x4)
                0x0000000008001b48                _etext = .

.vfp11_veneer   0x0000000008001b48        0x0
 .vfp11_veneer  0x0000000008001b48        0x0 linker stubs

.v4_bx          0x0000000008001b48        0x0
 .v4_bx         0x0000000008001b48        0x0 linker stubs

.iplt           0x0000000008001b48        0x0
 .iplt          0x0000000008001b48        0x0 /opt/homebrew/Cellar/gcc-arm-none-eabi/20200630/bin/../lib/gcc/arm-none-eabi/9.3.1/thumb/v6-m/nofp/crtbegin.o

.rodata         0x0000000008001b48       0x5c
                0x0000000008001b48                . = ALIGN (0x4)
 *(.rodata)
 *(.rodata*)
 .rodata.ledColor
                0x0000000008001b48       0x20 CMakeFiles/Mask_SW.elf.dir/Core/Src/main.c.obj
 .rodata.AHBPrescTable
                0x0000000008001b68       0x10 CMakeFiles/Mask_SW.elf.dir/Core/Src/system_stm32f0xx.c.obj
                0x0000000008001b68                AHBPrescTable
 .rodata.HAL_RCC_GetSysClockFreq.str1.4
                0x0000000008001b78       0x25 CMakeFiles/Mask_SW.elf.dir/Drivers/STM32F0xx_HAL_Driver/Src/stm32f0xx_hal_rcc.c.obj
 *fill*         0x0000000008001b9d        0x3 
 .rodata._global_impure_ptr
                0x0000000008001ba0        0x4 /opt/homebrew/Cellar/gcc-arm-none-eabi/20200630/bin/../lib/gcc/arm-none-eabi/9.3.1/../../../../arm-none-eabi/lib/thumb/v6-m/nofp/libg.a(lib_a-impure.o)
                0x0000000008001ba0                _global_impure_ptr
                0x0000000008001ba4                . = ALIGN (0x4)

.rel.dyn        0x0000000008001ba4        0x0
 .rel.iplt      0x0000000008001ba4        0x0 /opt/homebrew/Cellar/gcc-arm-none-eabi/20200630/bin/../lib/gcc/arm-none-eabi/9.3.1/thumb/v6-m/nofp/crtbegin.o

.ARM.extab      0x0000000008001ba4        0x0
                0x0000000008001ba4                . = ALIGN (0x4)
 *(.ARM.extab* .gnu.linkonce.armextab.*)
                0x0000000008001ba4                . = ALIGN (0x4)

.ARM            0x0000000008001ba4        0x0
                0x0000000008001ba4                . = ALIGN (0x4)
                0x0000000008001ba4                __exidx_start = .
 *(.ARM.exidx*)
                0x0000000008001ba4                __exidx_end = .
                0x0000000008001ba4                . = ALIGN (0x4)

.preinit_array  0x0000000008001ba4        0x0
                0x0000000008001ba4                . = ALIGN (0x4)
                0x0000000008001ba4                PROVIDE (__preinit_array_start = .)
 *(.preinit_array*)
                0x0000000008001ba4                PROVIDE (__preinit_array_end = .)
                0x0000000008001ba4                . = ALIGN (0x4)

.init_array     0x0000000008001ba4        0x8
                0x0000000008001ba4                . = ALIGN (0x4)
                0x0000000008001ba4                PROVIDE (__init_array_start = .)
 *(SORT_BY_NAME(.init_array.*))
 .init_array.00000
                0x0000000008001ba4        0x4 /opt/homebrew/Cellar/gcc-arm-none-eabi/20200630/bin/../lib/gcc/arm-none-eabi/9.3.1/../../../../arm-none-eabi/lib/thumb/v6-m/nofp/libg.a(lib_a-__call_atexit.o)
 *(.init_array*)
 .init_array    0x0000000008001ba8        0x4 /opt/homebrew/Cellar/gcc-arm-none-eabi/20200630/bin/../lib/gcc/arm-none-eabi/9.3.1/thumb/v6-m/nofp/crtbegin.o
                0x0000000008001bac                PROVIDE (__init_array_end = .)
                0x0000000008001bac                . = ALIGN (0x4)

.fini_array     0x0000000008001bac        0x4
                0x0000000008001bac                . = ALIGN (0x4)
                0x0000000008001bac                PROVIDE (__fini_array_start = .)
 *(SORT_BY_NAME(.fini_array.*))
 *(.fini_array*)
 .fini_array    0x0000000008001bac        0x4 /opt/homebrew/Cellar/gcc-arm-none-eabi/20200630/bin/../lib/gcc/arm-none-eabi/9.3.1/thumb/v6-m/nofp/crtbegin.o
                0x0000000008001bb0                PROVIDE (__fini_array_end = .)
                0x0000000008001bb0                . = ALIGN (0x4)
                0x0000000008001bb0                _sidata = LOADADDR (.data)

.data           0x0000000020000000      0x43c load address 0x0000000008001bb0
                0x0000000020000000                . = ALIGN (0x4)
                0x0000000020000000                _sdata = .
 *(.data)
 *(.data*)
 .data.SystemCoreClock
                0x0000000020000000        0x4 CMakeFiles/Mask_SW.elf.dir/Core/Src/system_stm32f0xx.c.obj
                0x0000000020000000                SystemCoreClock
 .data.uwTickFreq
                0x0000000020000004        0x1 CMakeFiles/Mask_SW.elf.dir/Drivers/STM32F0xx_HAL_Driver/Src/stm32f0xx_hal.c.obj
                0x0000000020000004                uwTickFreq
 *fill*         0x0000000020000005        0x3 
 .data.uwTickPrio
                0x0000000020000008        0x4 CMakeFiles/Mask_SW.elf.dir/Drivers/STM32F0xx_HAL_Driver/Src/stm32f0xx_hal.c.obj
                0x0000000020000008                uwTickPrio
 *fill*         0x000000002000000c        0x4 
 .data.impure_data
                0x0000000020000010      0x428 /opt/homebrew/Cellar/gcc-arm-none-eabi/20200630/bin/../lib/gcc/arm-none-eabi/9.3.1/../../../../arm-none-eabi/lib/thumb/v6-m/nofp/libg.a(lib_a-impure.o)
 .data.__atexit_recursive_mutex
                0x0000000020000438        0x4 /opt/homebrew/Cellar/gcc-arm-none-eabi/20200630/bin/../lib/gcc/arm-none-eabi/9.3.1/../../../../arm-none-eabi/lib/thumb/v6-m/nofp/libg.a(lib_a-__call_atexit.o)
                0x0000000020000438                __atexit_recursive_mutex
 *(.RamFunc)
 *(.RamFunc*)
                0x000000002000043c                . = ALIGN (0x4)
                0x000000002000043c                _edata = .

.igot.plt       0x000000002000043c        0x0 load address 0x0000000008001fec
 .igot.plt      0x000000002000043c        0x0 /opt/homebrew/Cellar/gcc-arm-none-eabi/20200630/bin/../lib/gcc/arm-none-eabi/9.3.1/thumb/v6-m/nofp/crtbegin.o
                0x000000002000043c                . = ALIGN (0x4)

.bss            0x000000002000043c       0x90 load address 0x0000000008001fec
                0x000000002000043c                _sbss = .
                0x000000002000043c                __bss_start__ = _sbss
 *(.bss)
 .bss           0x000000002000043c       0x1c /opt/homebrew/Cellar/gcc-arm-none-eabi/20200630/bin/../lib/gcc/arm-none-eabi/9.3.1/thumb/v6-m/nofp/crtbegin.o
 *(.bss*)
 .bss.ampModeCount
                0x0000000020000458        0x1 CMakeFiles/Mask_SW.elf.dir/Core/Src/main.c.obj
                0x0000000020000458                ampModeCount
 .bss.fanModeCount
                0x0000000020000459        0x1 CMakeFiles/Mask_SW.elf.dir/Core/Src/main.c.obj
                0x0000000020000459                fanModeCount
 *fill*         0x000000002000045a        0x2 
 .bss.htim3     0x000000002000045c       0x48 CMakeFiles/Mask_SW.elf.dir/Core/Src/main.c.obj
                0x000000002000045c                htim3
 .bss.uwTick    0x00000000200004a4        0x4 CMakeFiles/Mask_SW.elf.dir/Drivers/STM32F0xx_HAL_Driver/Src/stm32f0xx_hal.c.obj
                0x00000000200004a4                uwTick
 *(COMMON)
 COMMON         0x00000000200004a8       0x21 /opt/homebrew/Cellar/gcc-arm-none-eabi/20200630/bin/../lib/gcc/arm-none-eabi/9.3.1/../../../../arm-none-eabi/lib/thumb/v6-m/nofp/libg.a(lib_a-lock.o)
                0x00000000200004a8                __lock___atexit_recursive_mutex
                0x00000000200004ac                __lock___arc4random_mutex
                0x00000000200004b0                __lock___env_recursive_mutex
                0x00000000200004b4                __lock___sinit_recursive_mutex
                0x00000000200004b8                __lock___malloc_recursive_mutex
                0x00000000200004bc                __lock___at_quick_exit_mutex
                0x00000000200004c0                __lock___dd_hash_mutex
                0x00000000200004c4                __lock___tz_mutex
                0x00000000200004c8                __lock___sfp_recursive_mutex
                0x00000000200004cc                . = ALIGN (0x4)
 *fill*         0x00000000200004c9        0x3 
                0x00000000200004cc                _ebss = .
                0x00000000200004cc                __bss_end__ = _ebss

._user_heap_stack
                0x00000000200004cc      0x604 load address 0x0000000008001fec
                0x00000000200004d0                . = ALIGN (0x8)
 *fill*         0x00000000200004cc        0x4 
                [!provide]                        PROVIDE (end = .)
                0x00000000200004d0                PROVIDE (_end = .)
                0x00000000200006d0                . = (. + _Min_Heap_Size)
 *fill*         0x00000000200004d0      0x200 
                0x0000000020000ad0                . = (. + _Min_Stack_Size)
 *fill*         0x00000000200006d0      0x400 
                0x0000000020000ad0                . = ALIGN (0x8)

/DISCARD/
 libc.a(*)
 libm.a(*)
 libgcc.a(*)

.ARM.attributes
                0x0000000000000000       0x28
 *(.ARM.attributes)
 .ARM.attributes
                0x0000000000000000       0x1e /opt/homebrew/Cellar/gcc-arm-none-eabi/20200630/bin/../lib/gcc/arm-none-eabi/9.3.1/thumb/v6-m/nofp/crti.o
 .ARM.attributes
                0x000000000000001e       0x2c /opt/homebrew/Cellar/gcc-arm-none-eabi/20200630/bin/../lib/gcc/arm-none-eabi/9.3.1/thumb/v6-m/nofp/crtbegin.o
 .ARM.attributes
                0x000000000000004a       0x2c CMakeFiles/Mask_SW.elf.dir/Core/Src/main.c.obj
 .ARM.attributes
                0x0000000000000076       0x2c CMakeFiles/Mask_SW.elf.dir/Core/Src/stm32f0xx_hal_msp.c.obj
 .ARM.attributes
                0x00000000000000a2       0x2c CMakeFiles/Mask_SW.elf.dir/Core/Src/stm32f0xx_it.c.obj
 .ARM.attributes
                0x00000000000000ce       0x2c CMakeFiles/Mask_SW.elf.dir/Core/Src/system_stm32f0xx.c.obj
 .ARM.attributes
                0x00000000000000fa       0x21 CMakeFiles/Mask_SW.elf.dir/Core/Startup/startup_stm32f030f4px.s.obj
 .ARM.attributes
                0x000000000000011b       0x2c CMakeFiles/Mask_SW.elf.dir/Drivers/STM32F0xx_HAL_Driver/Src/stm32f0xx_hal.c.obj
 .ARM.attributes
                0x0000000000000147       0x2c CMakeFiles/Mask_SW.elf.dir/Drivers/STM32F0xx_HAL_Driver/Src/stm32f0xx_hal_cortex.c.obj
 .ARM.attributes
                0x0000000000000173       0x2c CMakeFiles/Mask_SW.elf.dir/Drivers/STM32F0xx_HAL_Driver/Src/stm32f0xx_hal_gpio.c.obj
 .ARM.attributes
                0x000000000000019f       0x2c CMakeFiles/Mask_SW.elf.dir/Drivers/STM32F0xx_HAL_Driver/Src/stm32f0xx_hal_rcc.c.obj
 .ARM.attributes
                0x00000000000001cb       0x2c CMakeFiles/Mask_SW.elf.dir/Drivers/STM32F0xx_HAL_Driver/Src/stm32f0xx_hal_rcc_ex.c.obj
 .ARM.attributes
                0x00000000000001f7       0x2c CMakeFiles/Mask_SW.elf.dir/Drivers/STM32F0xx_HAL_Driver/Src/stm32f0xx_hal_tim.c.obj
 .ARM.attributes
                0x0000000000000223       0x2c CMakeFiles/Mask_SW.elf.dir/Drivers/STM32F0xx_HAL_Driver/Src/stm32f0xx_hal_tim_ex.c.obj
 .ARM.attributes
                0x000000000000024f       0x1e /opt/homebrew/Cellar/gcc-arm-none-eabi/20200630/bin/../lib/gcc/arm-none-eabi/9.3.1/thumb/v6-m/nofp/libgcc.a(_udivsi3.o)
 .ARM.attributes
                0x000000000000026d       0x1e /opt/homebrew/Cellar/gcc-arm-none-eabi/20200630/bin/../lib/gcc/arm-none-eabi/9.3.1/thumb/v6-m/nofp/libgcc.a(_dvmd_tls.o)
 .ARM.attributes
                0x000000000000028b       0x2c /opt/homebrew/Cellar/gcc-arm-none-eabi/20200630/bin/../lib/gcc/arm-none-eabi/9.3.1/../../../../arm-none-eabi/lib/thumb/v6-m/nofp/libg.a(lib_a-impure.o)
 .ARM.attributes
                0x00000000000002b7       0x2c /opt/homebrew/Cellar/gcc-arm-none-eabi/20200630/bin/../lib/gcc/arm-none-eabi/9.3.1/../../../../arm-none-eabi/lib/thumb/v6-m/nofp/libg.a(lib_a-init.o)
 .ARM.attributes
                0x00000000000002e3       0x2c /opt/homebrew/Cellar/gcc-arm-none-eabi/20200630/bin/../lib/gcc/arm-none-eabi/9.3.1/../../../../arm-none-eabi/lib/thumb/v6-m/nofp/libg.a(lib_a-memset.o)
 .ARM.attributes
                0x000000000000030f       0x2c /opt/homebrew/Cellar/gcc-arm-none-eabi/20200630/bin/../lib/gcc/arm-none-eabi/9.3.1/../../../../arm-none-eabi/lib/thumb/v6-m/nofp/libg.a(lib_a-__call_atexit.o)
 .ARM.attributes
                0x000000000000033b       0x2c /opt/homebrew/Cellar/gcc-arm-none-eabi/20200630/bin/../lib/gcc/arm-none-eabi/9.3.1/../../../../arm-none-eabi/lib/thumb/v6-m/nofp/libg.a(lib_a-atexit.o)
 .ARM.attributes
                0x0000000000000367       0x2c /opt/homebrew/Cellar/gcc-arm-none-eabi/20200630/bin/../lib/gcc/arm-none-eabi/9.3.1/../../../../arm-none-eabi/lib/thumb/v6-m/nofp/libg.a(lib_a-fini.o)
 .ARM.attributes
                0x0000000000000393       0x2c /opt/homebrew/Cellar/gcc-arm-none-eabi/20200630/bin/../lib/gcc/arm-none-eabi/9.3.1/../../../../arm-none-eabi/lib/thumb/v6-m/nofp/libg.a(lib_a-lock.o)
 .ARM.attributes
                0x00000000000003bf       0x2c /opt/homebrew/Cellar/gcc-arm-none-eabi/20200630/bin/../lib/gcc/arm-none-eabi/9.3.1/../../../../arm-none-eabi/lib/thumb/v6-m/nofp/libg.a(lib_a-__atexit.o)
 .ARM.attributes
                0x00000000000003eb       0x1e /opt/homebrew/Cellar/gcc-arm-none-eabi/20200630/bin/../lib/gcc/arm-none-eabi/9.3.1/thumb/v6-m/nofp/crtn.o
OUTPUT(Mask_SW.elf elf32-littlearm)
LOAD linker stubs
LOAD /opt/homebrew/Cellar/gcc-arm-none-eabi/20200630/bin/../lib/gcc/arm-none-eabi/9.3.1/../../../../arm-none-eabi/lib/thumb/v6-m/nofp/libc.a
LOAD /opt/homebrew/Cellar/gcc-arm-none-eabi/20200630/bin/../lib/gcc/arm-none-eabi/9.3.1/../../../../arm-none-eabi/lib/thumb/v6-m/nofp/libm.a
LOAD /opt/homebrew/Cellar/gcc-arm-none-eabi/20200630/bin/../lib/gcc/arm-none-eabi/9.3.1/thumb/v6-m/nofp/libgcc.a

.debug_info     0x0000000000000000     0xac0d
 .debug_info    0x0000000000000000     0x1a04 CMakeFiles/Mask_SW.elf.dir/Core/Src/main.c.obj
 .debug_info    0x0000000000001a04      0xe52 CMakeFiles/Mask_SW.elf.dir/Core/Src/stm32f0xx_hal_msp.c.obj
 .debug_info    0x0000000000002856      0x1ca CMakeFiles/Mask_SW.elf.dir/Core/Src/stm32f0xx_it.c.obj
 .debug_info    0x0000000000002a20      0x2d3 CMakeFiles/Mask_SW.elf.dir/Core/Src/system_stm32f0xx.c.obj
 .debug_info    0x0000000000002cf3       0x22 CMakeFiles/Mask_SW.elf.dir/Core/Startup/startup_stm32f030f4px.s.obj
 .debug_info    0x0000000000002d15      0x75d CMakeFiles/Mask_SW.elf.dir/Drivers/STM32F0xx_HAL_Driver/Src/stm32f0xx_hal.c.obj
 .debug_info    0x0000000000003472      0x8e1 CMakeFiles/Mask_SW.elf.dir/Drivers/STM32F0xx_HAL_Driver/Src/stm32f0xx_hal_cortex.c.obj
 .debug_info    0x0000000000003d53      0x70f CMakeFiles/Mask_SW.elf.dir/Drivers/STM32F0xx_HAL_Driver/Src/stm32f0xx_hal_gpio.c.obj
 .debug_info    0x0000000000004462      0xa9c CMakeFiles/Mask_SW.elf.dir/Drivers/STM32F0xx_HAL_Driver/Src/stm32f0xx_hal_rcc.c.obj
 .debug_info    0x0000000000004efe      0x489 CMakeFiles/Mask_SW.elf.dir/Drivers/STM32F0xx_HAL_Driver/Src/stm32f0xx_hal_rcc_ex.c.obj
 .debug_info    0x0000000000005387     0x3d97 CMakeFiles/Mask_SW.elf.dir/Drivers/STM32F0xx_HAL_Driver/Src/stm32f0xx_hal_tim.c.obj
 .debug_info    0x000000000000911e     0x1aef CMakeFiles/Mask_SW.elf.dir/Drivers/STM32F0xx_HAL_Driver/Src/stm32f0xx_hal_tim_ex.c.obj

.debug_abbrev   0x0000000000000000     0x178f
 .debug_abbrev  0x0000000000000000      0x2c1 CMakeFiles/Mask_SW.elf.dir/Core/Src/main.c.obj
 .debug_abbrev  0x00000000000002c1      0x1fe CMakeFiles/Mask_SW.elf.dir/Core/Src/stm32f0xx_hal_msp.c.obj
 .debug_abbrev  0x00000000000004bf       0xef CMakeFiles/Mask_SW.elf.dir/Core/Src/stm32f0xx_it.c.obj
 .debug_abbrev  0x00000000000005ae      0x148 CMakeFiles/Mask_SW.elf.dir/Core/Src/system_stm32f0xx.c.obj
 .debug_abbrev  0x00000000000006f6       0x12 CMakeFiles/Mask_SW.elf.dir/Core/Startup/startup_stm32f030f4px.s.obj
 .debug_abbrev  0x0000000000000708      0x268 CMakeFiles/Mask_SW.elf.dir/Drivers/STM32F0xx_HAL_Driver/Src/stm32f0xx_hal.c.obj
 .debug_abbrev  0x0000000000000970      0x2b9 CMakeFiles/Mask_SW.elf.dir/Drivers/STM32F0xx_HAL_Driver/Src/stm32f0xx_hal_cortex.c.obj
 .debug_abbrev  0x0000000000000c29      0x213 CMakeFiles/Mask_SW.elf.dir/Drivers/STM32F0xx_HAL_Driver/Src/stm32f0xx_hal_gpio.c.obj
 .debug_abbrev  0x0000000000000e3c      0x271 CMakeFiles/Mask_SW.elf.dir/Drivers/STM32F0xx_HAL_Driver/Src/stm32f0xx_hal_rcc.c.obj
 .debug_abbrev  0x00000000000010ad      0x1e7 CMakeFiles/Mask_SW.elf.dir/Drivers/STM32F0xx_HAL_Driver/Src/stm32f0xx_hal_rcc_ex.c.obj
 .debug_abbrev  0x0000000000001294      0x27c CMakeFiles/Mask_SW.elf.dir/Drivers/STM32F0xx_HAL_Driver/Src/stm32f0xx_hal_tim.c.obj
 .debug_abbrev  0x0000000000001510      0x27f CMakeFiles/Mask_SW.elf.dir/Drivers/STM32F0xx_HAL_Driver/Src/stm32f0xx_hal_tim_ex.c.obj

.debug_loc      0x0000000000000000     0x8e02
 .debug_loc     0x0000000000000000      0x110 CMakeFiles/Mask_SW.elf.dir/Core/Src/main.c.obj
 .debug_loc     0x0000000000000110       0xc0 CMakeFiles/Mask_SW.elf.dir/Core/Src/stm32f0xx_hal_msp.c.obj
 .debug_loc     0x00000000000001d0      0x167 CMakeFiles/Mask_SW.elf.dir/Core/Src/system_stm32f0xx.c.obj
 .debug_loc     0x0000000000000337      0x141 CMakeFiles/Mask_SW.elf.dir/Drivers/STM32F0xx_HAL_Driver/Src/stm32f0xx_hal.c.obj
 .debug_loc     0x0000000000000478      0x433 CMakeFiles/Mask_SW.elf.dir/Drivers/STM32F0xx_HAL_Driver/Src/stm32f0xx_hal_cortex.c.obj
 .debug_loc     0x00000000000008ab      0x388 CMakeFiles/Mask_SW.elf.dir/Drivers/STM32F0xx_HAL_Driver/Src/stm32f0xx_hal_gpio.c.obj
 .debug_loc     0x0000000000000c33      0x607 CMakeFiles/Mask_SW.elf.dir/Drivers/STM32F0xx_HAL_Driver/Src/stm32f0xx_hal_rcc.c.obj
 .debug_loc     0x000000000000123a      0x397 CMakeFiles/Mask_SW.elf.dir/Drivers/STM32F0xx_HAL_Driver/Src/stm32f0xx_hal_rcc_ex.c.obj
 .debug_loc     0x00000000000015d1     0x55e6 CMakeFiles/Mask_SW.elf.dir/Drivers/STM32F0xx_HAL_Driver/Src/stm32f0xx_hal_tim.c.obj
 .debug_loc     0x0000000000006bb7     0x224b CMakeFiles/Mask_SW.elf.dir/Drivers/STM32F0xx_HAL_Driver/Src/stm32f0xx_hal_tim_ex.c.obj

.debug_aranges  0x0000000000000000      0x8e0
 .debug_aranges
                0x0000000000000000       0x80 CMakeFiles/Mask_SW.elf.dir/Core/Src/main.c.obj
 .debug_aranges
                0x0000000000000080       0x48 CMakeFiles/Mask_SW.elf.dir/Core/Src/stm32f0xx_hal_msp.c.obj
 .debug_aranges
                0x00000000000000c8       0x40 CMakeFiles/Mask_SW.elf.dir/Core/Src/stm32f0xx_it.c.obj
 .debug_aranges
                0x0000000000000108       0x28 CMakeFiles/Mask_SW.elf.dir/Core/Src/system_stm32f0xx.c.obj
 .debug_aranges
                0x0000000000000130       0x28 CMakeFiles/Mask_SW.elf.dir/Core/Startup/startup_stm32f030f4px.s.obj
 .debug_aranges
                0x0000000000000158       0xd0 CMakeFiles/Mask_SW.elf.dir/Drivers/STM32F0xx_HAL_Driver/Src/stm32f0xx_hal.c.obj
 .debug_aranges
                0x0000000000000228       0x78 CMakeFiles/Mask_SW.elf.dir/Drivers/STM32F0xx_HAL_Driver/Src/stm32f0xx_hal_cortex.c.obj
 .debug_aranges
                0x00000000000002a0       0x58 CMakeFiles/Mask_SW.elf.dir/Drivers/STM32F0xx_HAL_Driver/Src/stm32f0xx_hal_gpio.c.obj
 .debug_aranges
                0x00000000000002f8       0x80 CMakeFiles/Mask_SW.elf.dir/Drivers/STM32F0xx_HAL_Driver/Src/stm32f0xx_hal_rcc.c.obj
 .debug_aranges
                0x0000000000000378       0x30 CMakeFiles/Mask_SW.elf.dir/Drivers/STM32F0xx_HAL_Driver/Src/stm32f0xx_hal_rcc_ex.c.obj
 .debug_aranges
                0x00000000000003a8      0x3d0 CMakeFiles/Mask_SW.elf.dir/Drivers/STM32F0xx_HAL_Driver/Src/stm32f0xx_hal_tim.c.obj
 .debug_aranges
                0x0000000000000778      0x168 CMakeFiles/Mask_SW.elf.dir/Drivers/STM32F0xx_HAL_Driver/Src/stm32f0xx_hal_tim_ex.c.obj

.debug_ranges   0x0000000000000000      0x8b8
 .debug_ranges  0x0000000000000000       0x70 CMakeFiles/Mask_SW.elf.dir/Core/Src/main.c.obj
 .debug_ranges  0x0000000000000070       0x38 CMakeFiles/Mask_SW.elf.dir/Core/Src/stm32f0xx_hal_msp.c.obj
 .debug_ranges  0x00000000000000a8       0x30 CMakeFiles/Mask_SW.elf.dir/Core/Src/stm32f0xx_it.c.obj
 .debug_ranges  0x00000000000000d8       0x18 CMakeFiles/Mask_SW.elf.dir/Core/Src/system_stm32f0xx.c.obj
 .debug_ranges  0x00000000000000f0       0x20 CMakeFiles/Mask_SW.elf.dir/Core/Startup/startup_stm32f030f4px.s.obj
 .debug_ranges  0x0000000000000110       0xc0 CMakeFiles/Mask_SW.elf.dir/Drivers/STM32F0xx_HAL_Driver/Src/stm32f0xx_hal.c.obj
 .debug_ranges  0x00000000000001d0       0xc8 CMakeFiles/Mask_SW.elf.dir/Drivers/STM32F0xx_HAL_Driver/Src/stm32f0xx_hal_cortex.c.obj
 .debug_ranges  0x0000000000000298       0x48 CMakeFiles/Mask_SW.elf.dir/Drivers/STM32F0xx_HAL_Driver/Src/stm32f0xx_hal_gpio.c.obj
 .debug_ranges  0x00000000000002e0       0x88 CMakeFiles/Mask_SW.elf.dir/Drivers/STM32F0xx_HAL_Driver/Src/stm32f0xx_hal_rcc.c.obj
 .debug_ranges  0x0000000000000368       0x38 CMakeFiles/Mask_SW.elf.dir/Drivers/STM32F0xx_HAL_Driver/Src/stm32f0xx_hal_rcc_ex.c.obj
 .debug_ranges  0x00000000000003a0      0x3c0 CMakeFiles/Mask_SW.elf.dir/Drivers/STM32F0xx_HAL_Driver/Src/stm32f0xx_hal_tim.c.obj
 .debug_ranges  0x0000000000000760      0x158 CMakeFiles/Mask_SW.elf.dir/Drivers/STM32F0xx_HAL_Driver/Src/stm32f0xx_hal_tim_ex.c.obj

.debug_line     0x0000000000000000     0xa115
 .debug_line    0x0000000000000000      0x901 CMakeFiles/Mask_SW.elf.dir/Core/Src/main.c.obj
 .debug_line    0x0000000000000901      0x46f CMakeFiles/Mask_SW.elf.dir/Core/Src/stm32f0xx_hal_msp.c.obj
 .debug_line    0x0000000000000d70      0x2db CMakeFiles/Mask_SW.elf.dir/Core/Src/stm32f0xx_it.c.obj
 .debug_line    0x000000000000104b      0x32d CMakeFiles/Mask_SW.elf.dir/Core/Src/system_stm32f0xx.c.obj
 .debug_line    0x0000000000001378       0xd5 CMakeFiles/Mask_SW.elf.dir/Core/Startup/startup_stm32f030f4px.s.obj
 .debug_line    0x000000000000144d      0x62a CMakeFiles/Mask_SW.elf.dir/Drivers/STM32F0xx_HAL_Driver/Src/stm32f0xx_hal.c.obj
 .debug_line    0x0000000000001a77      0x680 CMakeFiles/Mask_SW.elf.dir/Drivers/STM32F0xx_HAL_Driver/Src/stm32f0xx_hal_cortex.c.obj
 .debug_line    0x00000000000020f7      0x75d CMakeFiles/Mask_SW.elf.dir/Drivers/STM32F0xx_HAL_Driver/Src/stm32f0xx_hal_gpio.c.obj
 .debug_line    0x0000000000002854      0xc38 CMakeFiles/Mask_SW.elf.dir/Drivers/STM32F0xx_HAL_Driver/Src/stm32f0xx_hal_rcc.c.obj
 .debug_line    0x000000000000348c      0x576 CMakeFiles/Mask_SW.elf.dir/Drivers/STM32F0xx_HAL_Driver/Src/stm32f0xx_hal_rcc_ex.c.obj
 .debug_line    0x0000000000003a02     0x4a96 CMakeFiles/Mask_SW.elf.dir/Drivers/STM32F0xx_HAL_Driver/Src/stm32f0xx_hal_tim.c.obj
 .debug_line    0x0000000000008498     0x1c7d CMakeFiles/Mask_SW.elf.dir/Drivers/STM32F0xx_HAL_Driver/Src/stm32f0xx_hal_tim_ex.c.obj

.debug_str      0x0000000000000000     0x30d0
 .debug_str     0x0000000000000000      0xf3e CMakeFiles/Mask_SW.elf.dir/Core/Src/main.c.obj
                                       0x1018 (size before relaxing)
 .debug_str     0x0000000000000f3e       0xed CMakeFiles/Mask_SW.elf.dir/Core/Src/stm32f0xx_hal_msp.c.obj
                                        0xb4e (size before relaxing)
 .debug_str     0x000000000000102b       0xbc CMakeFiles/Mask_SW.elf.dir/Core/Src/stm32f0xx_it.c.obj
                                        0x344 (size before relaxing)
 .debug_str     0x00000000000010e7       0xab CMakeFiles/Mask_SW.elf.dir/Core/Src/system_stm32f0xx.c.obj
                                        0x386 (size before relaxing)
 .debug_str     0x0000000000001192       0x82 CMakeFiles/Mask_SW.elf.dir/Core/Startup/startup_stm32f030f4px.s.obj
                                         0xe3 (size before relaxing)
 .debug_str     0x0000000000001214      0x3e4 CMakeFiles/Mask_SW.elf.dir/Drivers/STM32F0xx_HAL_Driver/Src/stm32f0xx_hal.c.obj
                                        0x727 (size before relaxing)
 .debug_str     0x00000000000015f8      0x2cd CMakeFiles/Mask_SW.elf.dir/Drivers/STM32F0xx_HAL_Driver/Src/stm32f0xx_hal_cortex.c.obj
                                        0x711 (size before relaxing)
 .debug_str     0x00000000000018c5      0x151 CMakeFiles/Mask_SW.elf.dir/Drivers/STM32F0xx_HAL_Driver/Src/stm32f0xx_hal_gpio.c.obj
                                        0x555 (size before relaxing)
 .debug_str     0x0000000000001a16      0x222 CMakeFiles/Mask_SW.elf.dir/Drivers/STM32F0xx_HAL_Driver/Src/stm32f0xx_hal_rcc.c.obj
                                        0x75f (size before relaxing)
 .debug_str     0x0000000000001c38       0xe3 CMakeFiles/Mask_SW.elf.dir/Drivers/STM32F0xx_HAL_Driver/Src/stm32f0xx_hal_rcc_ex.c.obj
                                        0x4fb (size before relaxing)
 .debug_str     0x0000000000001d1b      0xe45 CMakeFiles/Mask_SW.elf.dir/Drivers/STM32F0xx_HAL_Driver/Src/stm32f0xx_hal_tim.c.obj
                                       0x1794 (size before relaxing)
 .debug_str     0x0000000000002b60      0x570 CMakeFiles/Mask_SW.elf.dir/Drivers/STM32F0xx_HAL_Driver/Src/stm32f0xx_hal_tim_ex.c.obj
                                        0xf95 (size before relaxing)

.comment        0x0000000000000000       0x4c
 .comment       0x0000000000000000       0x4c CMakeFiles/Mask_SW.elf.dir/Core/Src/main.c.obj
                                         0x4d (size before relaxing)
 .comment       0x000000000000004c       0x4d CMakeFiles/Mask_SW.elf.dir/Core/Src/stm32f0xx_hal_msp.c.obj
 .comment       0x000000000000004c       0x4d CMakeFiles/Mask_SW.elf.dir/Core/Src/stm32f0xx_it.c.obj
 .comment       0x000000000000004c       0x4d CMakeFiles/Mask_SW.elf.dir/Core/Src/system_stm32f0xx.c.obj
 .comment       0x000000000000004c       0x4d CMakeFiles/Mask_SW.elf.dir/Drivers/STM32F0xx_HAL_Driver/Src/stm32f0xx_hal.c.obj
 .comment       0x000000000000004c       0x4d CMakeFiles/Mask_SW.elf.dir/Drivers/STM32F0xx_HAL_Driver/Src/stm32f0xx_hal_cortex.c.obj
 .comment       0x000000000000004c       0x4d CMakeFiles/Mask_SW.elf.dir/Drivers/STM32F0xx_HAL_Driver/Src/stm32f0xx_hal_gpio.c.obj
 .comment       0x000000000000004c       0x4d CMakeFiles/Mask_SW.elf.dir/Drivers/STM32F0xx_HAL_Driver/Src/stm32f0xx_hal_rcc.c.obj
 .comment       0x000000000000004c       0x4d CMakeFiles/Mask_SW.elf.dir/Drivers/STM32F0xx_HAL_Driver/Src/stm32f0xx_hal_rcc_ex.c.obj
 .comment       0x000000000000004c       0x4d CMakeFiles/Mask_SW.elf.dir/Drivers/STM32F0xx_HAL_Driver/Src/stm32f0xx_hal_tim.c.obj
 .comment       0x000000000000004c       0x4d CMakeFiles/Mask_SW.elf.dir/Drivers/STM32F0xx_HAL_Driver/Src/stm32f0xx_hal_tim_ex.c.obj

.debug_frame    0x0000000000000000     0x186c
 .debug_frame   0x0000000000000000      0x150 CMakeFiles/Mask_SW.elf.dir/Core/Src/main.c.obj
 .debug_frame   0x0000000000000150       0x98 CMakeFiles/Mask_SW.elf.dir/Core/Src/stm32f0xx_hal_msp.c.obj
 .debug_frame   0x00000000000001e8       0x68 CMakeFiles/Mask_SW.elf.dir/Core/Src/stm32f0xx_it.c.obj
 .debug_frame   0x0000000000000250       0x38 CMakeFiles/Mask_SW.elf.dir/Core/Src/system_stm32f0xx.c.obj
 .debug_frame   0x0000000000000288      0x1ac CMakeFiles/Mask_SW.elf.dir/Drivers/STM32F0xx_HAL_Driver/Src/stm32f0xx_hal.c.obj
 .debug_frame   0x0000000000000434       0xe4 CMakeFiles/Mask_SW.elf.dir/Drivers/STM32F0xx_HAL_Driver/Src/stm32f0xx_hal_cortex.c.obj
 .debug_frame   0x0000000000000518       0xc0 CMakeFiles/Mask_SW.elf.dir/Drivers/STM32F0xx_HAL_Driver/Src/stm32f0xx_hal_gpio.c.obj
 .debug_frame   0x00000000000005d8      0x13c CMakeFiles/Mask_SW.elf.dir/Drivers/STM32F0xx_HAL_Driver/Src/stm32f0xx_hal_rcc.c.obj
 .debug_frame   0x0000000000000714       0x58 CMakeFiles/Mask_SW.elf.dir/Drivers/STM32F0xx_HAL_Driver/Src/stm32f0xx_hal_rcc_ex.c.obj
 .debug_frame   0x000000000000076c      0xad0 CMakeFiles/Mask_SW.elf.dir/Drivers/STM32F0xx_HAL_Driver/Src/stm32f0xx_hal_tim.c.obj
 .debug_frame   0x000000000000123c      0x420 CMakeFiles/Mask_SW.elf.dir/Drivers/STM32F0xx_HAL_Driver/Src/stm32f0xx_hal_tim_ex.c.obj
 .debug_frame   0x000000000000165c       0x20 /opt/homebrew/Cellar/gcc-arm-none-eabi/20200630/bin/../lib/gcc/arm-none-eabi/9.3.1/thumb/v6-m/nofp/libgcc.a(_udivsi3.o)
 .debug_frame   0x000000000000167c       0x2c /opt/homebrew/Cellar/gcc-arm-none-eabi/20200630/bin/../lib/gcc/arm-none-eabi/9.3.1/../../../../arm-none-eabi/lib/thumb/v6-m/nofp/libg.a(lib_a-init.o)
 .debug_frame   0x00000000000016a8       0x30 /opt/homebrew/Cellar/gcc-arm-none-eabi/20200630/bin/../lib/gcc/arm-none-eabi/9.3.1/../../../../arm-none-eabi/lib/thumb/v6-m/nofp/libg.a(lib_a-memset.o)
 .debug_frame   0x00000000000016d8       0x54 /opt/homebrew/Cellar/gcc-arm-none-eabi/20200630/bin/../lib/gcc/arm-none-eabi/9.3.1/../../../../arm-none-eabi/lib/thumb/v6-m/nofp/libg.a(lib_a-__call_atexit.o)
 .debug_frame   0x000000000000172c       0x28 /opt/homebrew/Cellar/gcc-arm-none-eabi/20200630/bin/../lib/gcc/arm-none-eabi/9.3.1/../../../../arm-none-eabi/lib/thumb/v6-m/nofp/libg.a(lib_a-atexit.o)
 .debug_frame   0x0000000000001754       0x2c /opt/homebrew/Cellar/gcc-arm-none-eabi/20200630/bin/../lib/gcc/arm-none-eabi/9.3.1/../../../../arm-none-eabi/lib/thumb/v6-m/nofp/libg.a(lib_a-fini.o)
 .debug_frame   0x0000000000001780       0xb0 /opt/homebrew/Cellar/gcc-arm-none-eabi/20200630/bin/../lib/gcc/arm-none-eabi/9.3.1/../../../../arm-none-eabi/lib/thumb/v6-m/nofp/libg.a(lib_a-lock.o)
 .debug_frame   0x0000000000001830       0x3c /opt/homebrew/Cellar/gcc-arm-none-eabi/20200630/bin/../lib/gcc/arm-none-eabi/9.3.1/../../../../arm-none-eabi/lib/thumb/v6-m/nofp/libg.a(lib_a-__atexit.o)
